SOURCELONG:Jeroen Steenbeeke	SOURCESHORT:Jeroen	SOURCEWEB:http://www.jeroensteenbeeke.nl	SOURCEDATE:2013-08
Boccob	DOMAINS:Knowledge,Magic,Trickery	SYMBOL:Eye in a pentagon	DEITYWEAP:Quarterstaff	ALIGN:TN	SOURCEPAGE:106
Corellon Larethian	DOMAINS:Chaos,Good,Protection,War	SYMBOL:Crescent Moon	DEITYWEAP:Longsword	ALIGN:CG	SOURCEPAGE:106
Ehlonna	DOMAINS:Animal,Good,Plant,Sun	SYMBOL:Unicorn	DEITYWEAP:Longbow	ALIGN:NG	SOURCEPAGE:107
Erythnul	DOMAINS:Chaos,Evil,Trickery,War	SYMBOL:Bestial Mask	DEITYWEAP:Morningstar	ALIGN:CE	SOURCEPAGE:107
Fharlanghn	DOMAINS:Luck,Protection,Travel	SYMBOL:Crescent over a curved road	DEITYWEAP:Quarterstaff	ALIGN:TN	SOURCEPAGE:107
Garl Glittergold	DOMAINS:Good,Protection,Trickery	SYMBOL:Gold nugget	DEITYWEAP:Battleaxe|Greataxe|Handaxe	ALIGN:NG	SOURCEPAGE:107
Gruumsh	DOMAINS:Chaos,Evil,Strength,War	SYMBOL:Unblinking Eye	DEITYWEAP:Longspear|Shortspear	ALIGN:CE	SOURCEPAGE:107
Heironeous	DOMAINS:Good,Law,War	SYMBOL:Silver Lightning Bolt clutched in a fist	DEITYWEAP:Longsword	ALIGN:LG	SOURCEPAGE:107
Hextor	DOMAINS:Destruction,Evil,Law,War	SYMBOL:Black, spiked gauntlet holding spiked arrows	DEITYWEAP:Flail	ALIGN:LE	SOURCEPAGE:107
Kord	DOMAINS:Chaos,Good,Luck,Strength	SYMBOL:Eight-pointed star composed of spears and maces	DEITYWEAP:Greatsword	ALIGN:CG	SOURCEPAGE:107
Moradin	DOMAINS:Earth,Good,Law,Protection	SYMBOL:Hammer and Anvil	DEITYWEAP:Warhammer	ALIGN:LG	SOURCEPAGE:107
Nerull	DOMAINS:Death,Evil,Trickery	SYMBOL:Skull and Scythe	DEITYWEAP:Scythe	ALIGN:NE	SOURCEPAGE:108
Obad-Hai	DOMAINS:Air,Animal,Earth,Fire,Plant,Water	SYMBOL:A mask of oak leaves and acorns	DEITYWEAP:Quarterstaff	ALIGN:TN	SOURCEPAGE:108
Olidammara	DOMAINS:Chaos,Luck,Trickery	SYMBOL:Grinning Mask	DEITYWEAP:Rapier	ALIGN:CN	SOURCEPAGE:108
Pelor	DOMAINS:Good,Healing,Strength,Sun	SYMBOL:Face in a sun	DEITYWEAP:Mace (Light)|Mace (Heavy)	ALIGN:NG	SOURCEPAGE:108
St. Cuthbert	DOMAINS:Law,Protection,Strength	SYMBOL:Iron Cross	DEITYWEAP:Mace (Light)|Mace (Heavy)	ALIGN:LN	SOURCEPAGE:108
Vecna	DOMAINS:Evil,Knowledge,Magic	SYMBOL:Hand holding an eye	DEITYWEAP:Dagger	ALIGN:NE	SOURCEPAGE:108
Wee Jas	DOMAINS:Death,Law,Magic	SYMBOL:Red Skull	DEITYWEAP:Dagger	ALIGN:LN	SOURCEPAGE:108
Yondalla	DOMAINS:Good,Law,Protection	SYMBOL:A shield with a cornucopia motif	DEITYWEAP:Sword (Short)	ALIGN:LG	SOURCEPAGE:108
